[www.onlinegames.io/games/2023/unity2/gta-simulator/index.html]
[backblue.gif]
[fade.gif]
[index.html]
[www.onlinegames.io/games/2023/unity2/gta-simulator/TemplateData/favicon.ico]
[www.onlinegames.io/games/2023/unity2/gta-simulator/TemplateData/style.css]
[www.onlinegames.io/games/2023/unity2/gta-simulator/TemplateData/UnityProgress.js]
[www.onlinegames.io/games/2023/unity2/gta-simulator/index.html]
[www.onlinegames.io/games/2023/unity2/gta-simulator/Build/UnityLoader.js]
[www.onlinegames.io/games/2023/unity2/gta-simulator/TemplateData/progressLogo.Light.png]
[www.onlinegames.io/games/2023/unity2/gta-simulator/TemplateData/progressEmpty.Light.png]
[www.onlinegames.io/games/2023/unity2/gta-simulator/TemplateData/progressFull.Light.png]
[www.onlinegames.io/games/2023/unity2/gta-simulator/TemplateData/progressLogo.Dark.png]
[www.onlinegames.io/games/2023/unity2/gta-simulator/TemplateData/progressEmpty.Dark.png]
[www.onlinegames.io/games/2023/unity2/gta-simulator/TemplateData/progressFull.Dark.png]
[www.onlinegames.io/games/2023/unity2/gta-simulator/TemplateData/webgl-logo.png]
[www.onlinegames.io/games/2023/unity2/gta-simulator/TemplateData/fullscreen.png]
[www.onlinegames.io/games/2023/unity2/gta-simulator/TemplateData/style.css]
